Configurations: ['/home/ihuarte/Escritorio/Ivan/NNs/config.json', '/home/ihuarte/Escritorio/Ivan/NNs/config_CM.json', '/home/ihuarte/Escritorio/Ivan/NNs/config_NN.json', '/home/ihuarte/Escritorio/Ivan/NNs/pile/30.09.25_11.27.24/config.json', '/home/ihuarte/Escritorio/Ivan/NNs/pile/30.09.25_11.27.24/config_CM.json', '/home/ihuarte/Escritorio/Ivan/NNs/pile/30.09.25_11.27.24/config_NN.json']
Total samples: 4096
────────────── 🧲 CM: J1J2Square   🧠 NN_architecture: CvT3_EDPPh ──────────────
🧱 Size: 4x4

╭───────────────────────────────── J1J2Square ─────────────────────────────────╮
│ J1= 0.5  J2= 1.0  fields= [0.0, 0.0, 0.0]                                    │
╰──────────────────────────────────────────────────────────────────────────────╯
╭───────────────────────────────── CvT3_EDPPh ─────────────────────────────────╮
│ n_CP_blocks=    CTemb_channe…  CP_channels=   attn_heads=     kernel= [3, 3] │
│ [2]             [32]           [32]           [4]                            │
│ final_archite…  edpph_channe…  symm_Z2= True  trivial_Z2=     lattice_size=  │
│ (128,5,)        64                            True            [4, 4]         │
╰──────────────────────────────────────────────────────────────────────────────╯
───────────────────────────────────────  ───────────────────────────────────────
Running exact diagonalization...
Energy ED: -48.24665709400106
ED in modphase
xED phase: -0.12786984015249192 ± 1.7821306836885435  (complex)
vstate in modphase
vstate phase: 0.0 ± 0.0  (real)
Fidelity: 3.532e-04

Renyi entropy: 0.011594358833159436
< m >: -0.00640869140625   < m2 >: 0.07546234130859375
< ms >: 0.01019287109375  < ms2 >: 0.06302642822265625
ED < m >: 5.432445807215455e-18   < m2 >: 9.534744955380647e-16
ED < ms >: 1.4405108169127621e-16  < ms2 >: 0.24879308463769131

